// Vitest Snapshot v1, https://vitest.dev/guide/snapshot.html

exports[`IniFile > can load/write a complex npmrc file 1`] = `
"globalconfig=\${HOME}/.npmrc
registry=https://registry.npmjs.org/
//registry.npmjs.org/:_authToken=YOUR_AUTH_TOKEN
proxy=http://proxy.example.com:8080/
https-proxy=http://proxy.example.com:8080/
no-proxy=localhost,127.0.0.1,.example.com
cache=\${HOME}/.npm/_cacache
cache-min=86400
cache-max=104857600
fetch-retries=5
fetch-retry-mintimeout=10000
fetch-retry-maxtimeout=60000
loglevel=silly
ignore-scripts=false
scripts-prepend-node-path=auto
save-exact=true
save-prefix=~
package-lock=true
legacy-peer-deps=true
strict-ssl=false
production=false
audit=true
audit-level=high
cache-lock=true
cache-lock-stale=600
cache-lock-retries=10
prefer-offline=false
prefer-online=true
public-hoist-pattern[]=*types*
public-hoist-pattern[]=!@types/react
@my-scope:registry=https://my-custom-registry.com/
@my-scope:always-auth=true

[custom]
myvalue=true
"
`;
